 [38;5;252m>[38;5;179m●[39m [1m[38;5;110mcodeaf[0m  [1m[38;5;146m home [0m[38;5;110m teams  chats  sessions  spend  settings [39m                                                                                                                                  [38;5;243msat 6:38pm[39m

[38;5;243m────────────────────────────────────────────────────────────────────────────────────────────────────────────────────────────────────────────────────────────────────────────────────────────────────────

[39m [38;5;110m[48;5;235msessions[39m                                                        [49m                                                                      [38;5;243mprojects[39m
 [38;5;243m[48;5;235m·[39m [1m[38;5;252mauthfix[0m[48;5;235m                                                     [38;5;252m5m[39m[49m      [38;5;243mhere · go[39m                                                         [38;5;252m/tmp/pr1747-demo[39m  [38;5;243m2 chats[39m
 [38;5;243m·[39m [38;5;252mTriage Retry Failures[39m                           [38;5;243manother window[39m
                                                                                                                                       [38;5;110mspend[39m
                                                                                                                                         [38;5;243mevery chat and task is priced here[39m


                                                                                                                                       [38;5;110msince you left[39m
                                                                                                                                         [38;5;243mwhat watches and tasks did while the terminal was shut[39m

                                                                                                                                       [38;5;110mstanding[39m
                                                                                                                                         [38;5;243mreminders, routines, watches and rules · "remind me at 6" or[39m
                                                                                                                                         [38;5;243m"every morning at 9"[39m























                                                                                                                                                                💡 [38;5;252mspace[38;5;243m [38;5;252mspace[38;5;243m takes you back to home[39m [38;5;243m[39m
[38;5;243m─ [1m[38;5;252m~deepseek/deepseek-v4-flash-latest[0m[38;5;243m:auto · [38;5;173m◇ YOLO[38;5;243m ─────────────────────────────────────────────────────────────────────────────────────────────────────────────────────────────────────────────────────
[39m [38;5;243m› type to search or start something new[39m


 [38;5;252m→[38;5;243m options · [38;5;252malt+e[38;5;243m effort · [38;5;252malt+a[38;5;243m approvals · [38;5;252malt+k[38;5;243m chats · [38;5;252m/[38;5;243m commands[39m                                                                                                        [38;5;243mproject: /tmp/pr1747-demo[39m
